gl-debian usr/lib libgl1-mesa-swx11 libgl1-mesa-swx11-dev
gl-debian-static usr/lib libgl1-mesa-swx11 libgl1-mesa-swx11-dev
gl-debian-debug usr/lib/debug libgl1-mesa-swx11-dbg libgl1-mesa-swx11-dbg
gl-debian_i386 usr/lib/i686/cmov libgl1-mesa-swx11 libgl1-mesa-swx11-dev
gl-debian-static_i386 usr/lib/i686/cmov libgl1-mesa-swx11 libgl1-mesa-swx11-dev
gl-debian-debug_i386 usr/lib/debug/i686/cmov libgl1-mesa-swx11-dbg libgl1-mesa-swx11-dbg
gl-debian-dri usr/lib libgl1-mesa-glx libgl1-mesa-dev
gl-debian-dri_i386 usr/lib/i686/cmov libgl1-mesa-glx libgl1-mesa-dev
gl-debian-directfb usr/lib libgl1-mesa-directfb libgl1-mesa-directfb-dev
gl-debian-osmesa16 usr/lib libosmesa6 libosmesa6-dev
gl-debian-osmesa16-static usr/lib libosmesa6 libosmesa6-dev
gl-debian-osmesa32 usr/lib libosmesa6 libosmesa6-dev
gl-debian-osmesa32-static usr/lib libosmesa6 libosmesa6-dev
glu-debian usr/lib libglu1-mesa libglu1-mesa-dev
glu-debian-static usr/lib libglu1-mesa libglu1-mesa-dev
glw-debian-static usr/lib libgl1-mesa-swx11 libgl1-mesa-swx11-dev
